
---------------- EMAIL NOTIFICATION ----------------
Date: 2026-05-12 06:11:41
To: ebk.srilanka@gmail.com
Subject: Welcome to GlobeTrek Adventures
Message:
Dear Mushaa,

Welcome to GlobeTrek Adventures.

Your account has been created successfully.

You can now explore packages, book trips, and customize your travel plans.

Thank you!

---------------- EMAIL NOTIFICATION ----------------
Date: 2026-05-12 06:19:46
To: musharafbest18@gmail.com
Subject: Welcome to GlobeTrek Adventures
Message:
Dear Sharaf,

Welcome to GlobeTrek Adventures.

Your account has been created successfully.

You can now explore packages, book trips, and customize your travel plans.

Thank you!

---------------- EMAIL NOTIFICATION ----------------
Date: 2026-05-12 07:26:50
To: prashanjaliluxman2000@gmail.com
Subject: Welcome to GlobeTrek Adventures
Message:
Dear Irine,

Welcome to GlobeTrek Adventures.

Your account has been created successfully.

You can now explore packages, book trips, and customize your travel plans.

Thank you!

---------------- EMAIL NOTIFICATION ----------------
Date: 2026-05-12 07:35:16
To: prashanjaliluxman2000@gmail.com
Subject: Booking Confirmed - GlobeTrek Adventures
Message:
Dear Irine,

Your booking has been confirmed.

Package: Colombo City Experience
Destination: Colombo
Travel Date: 2026-05-15
Persons: 2
Total Amount: LKR 79,500.00

Thank you for choosing GlobeTrek Adventures.

---------------- EMAIL NOTIFICATION ----------------
Date: 2026-05-12 07:46:20
To: admin@globetrek.lk
Subject: Login Security Alert - GlobeTrek Adventures
Message:
Dear Admin,

A failed login attempt was detected on your account.

If this was not you, please reset your password immediately.

GlobeTrek Adventures

---------------- EMAIL NOTIFICATION ----------------
Date: 2026-05-12 07:46:23
To: globetrekproject@gmail.com
Subject: Security Alert - Failed Login Attempt
Message:
Failed login attempt detected.

Email: admin@globetrek.lk
Time: 2026-05-12 07:46:23
System: GlobeTrek Adventures

---------------- EMAIL NOTIFICATION ----------------
Date: 2026-05-12 07:47:04
To: admin@globetrek.lk
Subject: Login Security Alert - GlobeTrek Adventures
Message:
Dear Admin,

A failed login attempt was detected on your account.

If this was not you, please reset your password immediately.

GlobeTrek Adventures

---------------- EMAIL NOTIFICATION ----------------
Date: 2026-05-12 07:47:07
To: globetrekproject@gmail.com
Subject: Security Alert - Failed Login Attempt
Message:
Failed login attempt detected.

Email: admin@globetrek.lk
Time: 2026-05-12 07:47:07
System: GlobeTrek Adventures

---------------- EMAIL NOTIFICATION ----------------
Date: 2026-05-12 07:47:10
To: admin@globetrek.lk
Subject: Login Security Alert - GlobeTrek Adventures
Message:
Dear Admin,

A failed login attempt was detected on your account.

If this was not you, please reset your password immediately.

GlobeTrek Adventures

---------------- EMAIL NOTIFICATION ----------------
Date: 2026-05-12 07:47:12
To: globetrekproject@gmail.com
Subject: Security Alert - Failed Login Attempt
Message:
Failed login attempt detected.

Email: admin@globetrek.lk
Time: 2026-05-12 07:47:12
System: GlobeTrek Adventures

---------------- EMAIL NOTIFICATION ----------------
Date: 2026-05-12 21:39:02
To: musharafbest18@gmail.com
Subject: Customized Trip Approved - GlobeTrek Adventures
Message:
Dear Sharaf,

Your customized trip request has been approved.

Destination: Kandy
Travel Date: 2026-05-27
Days: 3
Persons: 1
Budget: LKR 75,000.00

Staff Reply:
Call hotine

Thank you for choosing GlobeTrek Adventures.

---------------- EMAIL NOTIFICATION ----------------
Date: 2026-05-12 22:49:22
To: globetrekproject@gmail.com
Subject: Security Alert - Failed Login Attempt
Message:
Failed login attempt detected.

Email: staff@globtrek.lk
Time: 2026-05-12 22:49:22
System: GlobeTrek Adventures

---------------- EMAIL NOTIFICATION ----------------
Date: 2026-05-12 22:51:51
To: musharafbest18@gmail.com
Subject: Booking Cancelled - GlobeTrek Adventures
Message:
Dear Sharaf,

Your booking has been cancelled.

Package: Colombo City Experience
Destination: Colombo
Travel Date: 2026-05-14
Persons: 2
Total Amount: LKR 78,600.00

Thank you for choosing GlobeTrek Adventures.

---------------- EMAIL NOTIFICATION ----------------
Date: 2026-05-13 00:52:04
To: staff@globetrek.lk
Subject: Login Security Alert - GlobeTrek Adventures
Message:
Dear Staff,

A failed login attempt was detected on your account.

If this was not you, please reset your password immediately.

GlobeTrek Adventures

---------------- EMAIL NOTIFICATION ----------------
Date: 2026-05-13 00:52:06
To: globetrekproject@gmail.com
Subject: Security Alert - Failed Login Attempt
Message:
Failed login attempt detected.

Email: staff@globetrek.lk
Time: 2026-05-13 00:52:06
System: GlobeTrek Adventures

---------------- EMAIL NOTIFICATION ----------------
Date: 2026-05-13 00:53:43
To: djmaneditz@gmail.com
Subject: Booking Confirmed - GlobeTrek Adventures
Message:
Dear Shaaf,

Your booking has been confirmed.

Package: Galle Fort Heritage Walk
Destination: Galle
Travel Date: 2026-05-14
Persons: 2
Total Amount: LKR 73,000.00

Thank you for choosing GlobeTrek Adventures.

---------------- EMAIL NOTIFICATION ----------------
Date: 2026-05-13 01:02:57
To: djmaneditz@gmail.com
Subject: Booking Confirmed - GlobeTrek Adventures
Message:
Dear Shaaf,

Your booking has been confirmed.

Package: Pasikuda Beach Paradise
Destination: Pasikuda
Travel Date: 2026-05-15
Persons: 1
Total Amount: LKR 24,000.00

Thank you for choosing GlobeTrek Adventures.

---------------- EMAIL NOTIFICATION ----------------
Date: 2026-05-13 01:06:28
To: prashanjaliluxman2000@gmail.com
Subject: Booking Confirmed - GlobeTrek Adventures
Message:
Dear Irine,

Your booking has been confirmed.

Package: Ella Mountain Adventure
Destination: Ella
Travel Date: 2026-05-22
Persons: 1
Total Amount: LKR 41,100.00

Thank you for choosing GlobeTrek Adventures.

---------------- EMAIL NOTIFICATION ----------------
Date: 2026-05-15 06:06:20
To: djmaneditz@gmail.com
Subject: Login Security Alert - GlobeTrek Adventures
Message:
Dear Shaaf,

A failed login attempt was detected on your account.

If this was not you, please reset your password immediately.

GlobeTrek Adventures

---------------- EMAIL NOTIFICATION ----------------
Date: 2026-05-15 06:06:22
To: globetrekproject@gmail.com
Subject: Security Alert - Failed Login Attempt
Message:
Failed login attempt detected.

Email: djmaneditz@gmail.com
Time: 2026-05-15 06:06:22
System: GlobeTrek Adventures

---------------- EMAIL NOTIFICATION ----------------
Date: 2026-05-15 06:45:41
To: djmaneditz@gmail.com
Subject: Login Security Alert - GlobeTrek Adventures
Message:
Dear Shaaf,

A failed login attempt was detected on your account.

If this was not you, please reset your password immediately.

GlobeTrek Adventures

---------------- EMAIL NOTIFICATION ----------------
Date: 2026-05-15 06:45:44
To: globetrekproject@gmail.com
Subject: Security Alert - Failed Login Attempt
Message:
Failed login attempt detected.

Email: djmaneditz@gmail.com
Time: 2026-05-15 06:45:44
System: GlobeTrek Adventures

---------------- EMAIL NOTIFICATION ----------------
Date: 2026-05-15 06:48:53
To: djmaneditz@gmail.com
Subject: Booking Confirmed - GlobeTrek Adventures
Message:
Dear Shaaf,

Your booking has been confirmed.

Package: Pasikuda Beach Paradise
Destination: Pasikuda
Travel Date: 2026-05-20
Persons: 1
Total Amount: LKR 24,400.00

Thank you for choosing GlobeTrek Adventures.

---------------- EMAIL NOTIFICATION ----------------
Date: 2026-05-16 10:01:21
To: ebk.srilanka@gmail.com
Subject: Welcome to GlobeTrek Adventures
Message:
Dear Shaaf Ahmed,

Welcome to GlobeTrek Adventures.

Your account has been created successfully.

You can now explore packages, book trips, and customize your travel plans.

Thank you!

---------------- EMAIL NOTIFICATION ----------------
Date: 2026-05-16 11:03:28
To: globetrekproject@gmail.com
Subject: Security Alert - Failed Login Attempt
Message:
Failed login attempt detected.

Email: admin@globtrek.lk
Time: 2026-05-16 11:03:28
System: GlobeTrek Adventures

---------------- EMAIL NOTIFICATION ----------------
Date: 2026-05-18 05:29:10
To: ebk.srilanka@gmail.com
Subject: Welcome to GlobeTrek Adventures
Message:
Dear Mushaaraf Ali,

Welcome to GlobeTrek Adventures.

Your account has been created successfully.

You can now explore packages, book trips, and customize your travel plans.

Thank you!

---------------- EMAIL NOTIFICATION ----------------
Date: 2026-05-18 05:36:53
To: ebk.srilanka@gmail.com
Subject: Login Security Alert - GlobeTrek Adventures
Message:
Dear Mushaaraf Ali,

A failed login attempt was detected on your account.

If this was not you, please reset your password immediately.

GlobeTrek Adventures

---------------- EMAIL NOTIFICATION ----------------
Date: 2026-05-18 05:37:01
To: globetrekproject@gmail.com
Subject: Security Alert - Failed Login Attempt
Message:
Failed login attempt detected.

Email: ebk.srilanka@gmail.com
Time: 2026-05-18 05:37:01
System: GlobeTrek Adventures
